channel 1: open failed: connect failed: Connection refused
channel 1: open failed: connect failed: Connection refused
channel 1: open failed: connect failed: Connection refused
channel 1: open failed: connect failed: Connection refused
channel 1: open failed: connect failed: Connection refused
channel 1: open failed: connect failed: Connection refused
channel 1: open failed: connect failed: Connection refused
channel 1: open failed: connect failed: Connection refused
channel 1: open failed: connect failed: Connection refused
channel 1: open failed: connect failed: Connection refused
channel 1: open failed: connect failed: Connection refused
channel 1: open failed: connect failed: Connection refused
channel 1: open failed: connect failed: Connection refused
channel 1: open failed: connect failed: Connection refused
channel 1: open failed: connect failed: Connection refused
channel 1: open failed: connect failed: Connection refused
channel 1: open failed: connect failed: Connection refused
channel 1: open failed: connect failed: Connection refused
channel 1: open failed: connect failed: Connection refused
channel 1: open failed: connect failed: Connection refused
channel 1: open failed: connect failed: Connection refused
channel 1: open failed: connect failed: Connection refused
channel 1: open failed: connect failed: Connection refused
channel 1: open failed: connect failed: Connection refused
channel 1: open failed: connect failed: Connection refused
channel 1: open failed: connect failed: Connection refused
channel 1: open failed: connect failed: Connection refused
channel 1: open failed: connect failed: Connection refused
channel 1: open failed: connect failed: Connection refused
channel 1: open failed: connect failed: Connection refused
channel 1: open failed: connect failed: Connection refused
channel 1: open failed: connect failed: Connection refused
channel 1: open failed: connect failed: Connection refused
channel 1: open failed: connect failed: Connection refused
channel 1: open failed: connect failed: Connection refused
channel 1: open failed: connect failed: Connection refused
channel 1: open failed: connect failed: Connection refused
channel 1: open failed: connect failed: Connection refused
channel 1: open failed: connect failed: Connection refused
channel 1: open failed: connect failed: Connection refused
channel 1: open failed: connect failed: Connection refused
channel 1: open failed: connect failed: Connection refused
channel 1: open failed: connect failed: Connection refused
channel 1: open failed: connect failed: Connection refused
channel 1: open failed: connect failed: Connection refused
channel 1: open failed: connect failed: Connection refused
channel 1: open failed: connect failed: Connection refused
channel 1: open failed: connect failed: Connection refused
channel 1: open failed: connect failed: Connection refused
channel 1: open failed: connect failed: Connection refused
channel 1: open failed: connect failed: Connection refused
channel 1: open failed: connect failed: Connection refused
channel 1: open failed: connect failed: Connection refused
channel 1: open failed: connect failed: Connection refused
channel 1: open failed: connect failed: Connection refused
channel 1: open failed: connect failed: Connection refused
channel 1: open failed: connect failed: Connection refused
channel 1: open failed: connect failed: Connection refused
channel 1: open failed: connect failed: Connection refused
channel 1: open failed: connect failed: Connection refused
channel 1: open failed: connect failed: Connection refused
channel 1: open failed: connect failed: Connection refused
channel 1: open failed: connect failed: Connection refused
channel 1: open failed: connect failed: Connection refused
channel 1: open failed: connect failed: Connection refused
channel 1: open failed: connect failed: Connection refused
channel 1: open failed: connect failed: Connection refused
channel 1: open failed: connect failed: Connection refused
channel 1: open failed: connect failed: Connection refused
channel 1: open failed: connect failed: Connection refused
channel 1: open failed: connect failed: Connection refused
channel 1: open failed: connect failed: Connection refused
channel 1: open failed: connect failed: Connection refused
channel 1: open failed: connect failed: Connection refused
channel 1: open failed: connect failed: Connection refused
channel 1: open failed: connect failed: Connection refused
channel 1: open failed: connect failed: Connection refused
channel 1: open failed: connect failed: Connection refused
channel 1: open failed: connect failed: Connection refused
channel 1: open failed: connect failed: Connection refused
channel 1: open failed: connect failed: Connection refused
channel 1: open failed: connect failed: Connection refused
channel 1: open failed: connect failed: Connection refused
channel 1: open failed: connect failed: Connection refused
channel 1: open failed: connect failed: Connection refused
channel 1: open failed: connect failed: Connection refused
channel 1: open failed: connect failed: Connection refused
channel 1: open failed: connect failed: Connection refused
channel 1: open failed: connect failed: Connection refused
channel 1: open failed: connect failed: Connection refused
channel 1: open failed: connect failed: Connection refused
channel 1: open failed: connect failed: Connection refused
channel 1: open failed: connect failed: Connection refused
channel 1: open failed: connect failed: Connection refused
channel 1: open failed: connect failed: Connection refused
channel 1: open failed: connect failed: Connection refused
channel 1: open failed: connect failed: Connection refused
channel 1: open failed: connect failed: Connection refused
channel 1: open failed: connect failed: Connection refused
channel 1: open failed: connect failed: Connection refused
channel 1: open failed: connect failed: Connection refused
channel 1: open failed: connect failed: Connection refused
channel 1: open failed: connect failed: Connection refused
channel 1: open failed: connect failed: Connection refused
channel 1: open failed: connect failed: Connection refused
channel 1: open failed: connect failed: Connection refused
channel 1: open failed: connect failed: Connection refused
channel 1: open failed: connect failed: Connection refused
channel 1: open failed: connect failed: Connection refused
channel 1: open failed: connect failed: Connection refused
channel 1: open failed: connect failed: Connection refused
channel 1: open failed: connect failed: Connection refused
channel 1: open failed: connect failed: Connection refused
channel 1: open failed: connect failed: Connection refused
channel 1: open failed: connect failed: Connection refused
channel 1: open failed: connect failed: Connection refused
channel 1: open failed: connect failed: Connection refused
channel 1: open failed: connect failed: Connection refused
channel 1: open failed: connect failed: Connection refused
channel 1: open failed: connect failed: Connection refused
channel 1: open failed: connect failed: Connection refused
channel 1: open failed: connect failed: Connection refused
channel 1: open failed: connect failed: Connection refused
channel 1: open failed: connect failed: Connection refused
channel 1: open failed: connect failed: Connection refused
channel 1: open failed: connect failed: Connection refused
channel 1: open failed: connect failed: Connection refused
channel 1: open failed: connect failed: Connection refused
channel 1: open failed: connect failed: Connection refused
Connection to 34.118.144.185 closed by remote host.

Recommendation: To check for possible causes of SSH connectivity issues and get
recommendations, rerun the ssh command with the --troubleshoot option.

gcloud compute ssh tinyleo-canada-parity --project=satellite-emulator --zone=northamerica-northeast1-b --troubleshoot

Or, to investigate an IAP tunneling issue:

gcloud compute ssh tinyleo-canada-parity --project=satellite-emulator --zone=northamerica-northeast1-b --troubleshoot --tunnel-through-iap

ERROR: (gcloud.compute.ssh) [/usr/bin/ssh] exited with return code [255].
channel 1: open failed: connect failed: Connection refused
channel 1: open failed: connect failed: Connection refused
channel 1: open failed: connect failed: Connection refused
channel 1: open failed: connect failed: Connection refused
channel 1: open failed: connect failed: Connection refused
channel 1: open failed: connect failed: Connection refused
channel 1: open failed: connect failed: Connection refused
channel 1: open failed: connect failed: Connection refused
channel 1: open failed: connect failed: Connection refused
channel 1: open failed: connect failed: Connection refused
channel 1: open failed: connect failed: Connection refused
channel 1: open failed: connect failed: Connection refused
channel 1: open failed: connect failed: Connection refused
channel 1: open failed: connect failed: Connection refused
channel 1: open failed: connect failed: Connection refused
channel 1: open failed: connect failed: Connection refused
channel 1: open failed: connect failed: Connection refused
channel 1: open failed: connect failed: Connection refused
channel 1: open failed: connect failed: Connection refused
channel 1: open failed: connect failed: Connection refused
Connection to 34.118.144.185 closed by remote host.

Recommendation: To check for possible causes of SSH connectivity issues and get
recommendations, rerun the ssh command with the --troubleshoot option.

gcloud compute ssh tinyleo-canada-parity --project=satellite-emulator --zone=northamerica-northeast1-b --troubleshoot

Or, to investigate an IAP tunneling issue:

gcloud compute ssh tinyleo-canada-parity --project=satellite-emulator --zone=northamerica-northeast1-b --troubleshoot --tunnel-through-iap

ERROR: (gcloud.compute.ssh) [/usr/bin/ssh] exited with return code [255].
